// Vitest Snapshot v1, https://vitest.dev/guide/snapshot.html

exports[`determinism, golden vectors & verifier > golden vectors (locks the RNG draw order and math) 1`] = `
[
  "gilded-vault#0:BAR.BAR.DIAMOND|VAULT.BELL.BELL|WILD.CROWN.DIAMOND|SEVEN.CROWN.BAR|DIAMOND.BAR.DIAMOND=0/1",
  "gilded-vault#1:DIAMOND.DIAMOND.DIAMOND|BELL.BELL.BELL|BAR.BELL.BAR|BELL.CROWN.CROWN|DIAMOND.BAR.CROWN=0/1",
  "gilded-vault#2:BAR.BAR.BAR|BAR.BELL.BELL|WILD.SEVEN.DIAMOND|DIAMOND.BAR.BELL|VAULT.DIAMOND.BAR=48/1",
  "gilded-vault#3:SEVEN.DIAMOND.BAR|VAULT.BELL.SEVEN|DIAMOND.SEVEN.SEVEN|SEVEN.SEVEN.SEVEN|SEVEN.CROWN.BAR=1100/1",
  "overcharge#0:NODE.CELL.CHIP.REACTOR|FUSE.DIODE.REACTOR.PLASMA|CHIP.CORE.PLASMA.CELL|COIL.NODE.COIL.CORE|FUSE.CELL.FUSE.COIL=0/1",
  "overcharge#1:CHIP.CHIP.CHIP.FUSE|FUSE.DIODE.CELL.DIODE|FUSE.FUSE.PLASMA.PLASMA|COIL.CELL.PLASMA.CORE|NODE.FUSE.SCATTER.COIL=30/2",
  "overcharge#2:CELL.FUSE.FUSE.CELL|DIODE.DIODE.REACTOR.COIL|CHIP.CHIP.CELL.CELL|WILD.CORE.CELL.COIL|CELL.FUSE.CORE.PLASMA=0/1",
  "overcharge#3:PLASMA.CORE.CELL.REACTOR|NODE.CORE.COIL.CORE|CORE.CHIP.CHIP.CHIP|CORE.WILD.FUSE.NODE|NODE.CORE.FUSE.DIODE=1080/3",
  "starforged-relics#0:GEM_ROSE.GEM_TEAL.GEM_AMBER.SCATTER.GEM_ROSE|GEM_ROSE.STARCROWN.ASTROLABE.GEM_AMBER.CHALICE|STARCROWN.GEM_TEAL.GEM_AMBER.GEM_ROSE.CHALICE|CHALICE.GEM_ROSE.GEM_TEAL.GEM_ROSE.GEM_AMBER|GEM_AZURE.GEM_TEAL.CHALICE.GEM_TEAL.GEM_AZURE|ASTROLABE.GEM_TEAL.GEM_TEAL.GEM_AZURE.GEM_ROSE=0/1",
  "starforged-relics#1:GEM_AMBER.GEM_AMBER.GEM_AMBER.GEM_ROSE.GEM_ROSE|GEM_ROSE.GEM_TEAL.GEM_AZURE.GEM_ROSE.GEM_AZURE|ASTROLABE.STARCROWN.CHALICE.GEM_TEAL.ASTROLABE|CHALICE.GEM_ROSE.GEM_ROSE.SCATTER.CHALICE|GEM_ROSE.ASTROLABE.GEM_AZURE.GEM_AZURE.GEM_AZURE|SCATTER.GEM_AZURE.GEM_ROSE.GEM_ROSE.GEM_AMBER=0/1",
  "starforged-relics#2:GEM_ROSE.GEM_ROSE.GEM_ROSE.GEM_TEAL.GEM_AZURE|GEM_AZURE.STARCROWN.CHALICE.GEM_AMBER.GEM_AZURE|GEM_TEAL.GEM_TEAL.SCATTER.CHALICE.GEM_TEAL|GEM_AMBER.GEM_TEAL.GEM_AZURE.CHALICE.STARCROWN|WILD.GEM_AZURE.ASTROLABE.GEM_AMBER.GEM_AMBER|CHALICE.ASTROLABE.GEM_AMBER.GEM_TEAL.GEM_ROSE=0/1",
  "starforged-relics#3:STARCROWN.CHALICE.GEM_TEAL.WILD.GEM_TEAL|CHALICE.CHALICE.ASTROLABE.ASTROLABE.GEM_AMBER|CHALICE.CHALICE.CHALICE.SCATTER.GEM_ROSE|GEM_ROSE.GEM_TEAL.ASTROLABE.GEM_ROSE.GEM_AZURE|ASTROLABE.SCATTER.GEM_TEAL.ASTROLABE.GEM_AMBER|SCATTER.GEM_TEAL.GEM_AMBER.GEM_AMBER.CHALICE=33/2",
]
`;
